MyTokenTest:testFuzz_Approve(address,uint256) (runs: 256, μ: 34306, ~: 34384)
MyTokenTest:testFuzz_MultipleTransferFroms(address,uint256) (runs: 256, μ: 72586, ~: 72586)
MyTokenTest:testFuzz_SequentialApprovals(address,uint256,uint256) (runs: 256, μ: 38893, ~: 38941)
MyTokenTest:testFuzz_Transfer(uint256) (runs: 256, μ: 43190, ~: 43634)
MyTokenTest:testFuzz_TransferFrom(uint256) (runs: 256, μ: 52117, ~: 52592)
MyTokenTest:testFuzz_TransferFromWithMaxAllowance(address,address,uint256) (runs: 256, μ: 70644, ~: 71576)
MyTokenTest:test_ApproveAndTransferFrom() (gas: 66166)
MyTokenTest:test_DecreaseAllowance() (gas: 38888)
MyTokenTest:test_IncreaseAllowance() (gas: 38910)
MyTokenTest:test_MaximumApproval() (gas: 33827)
MyTokenTest:test_MultipleTransfers() (gas: 52195)
MyTokenTest:test_Name() (gas: 9275)
MyTokenTest:test_Symbol() (gas: 9308)
MyTokenTest:test_Transfer() (gas: 41092)
MyTokenTest:test_TransferBetweenUsers() (gas: 30114)
MyTokenTest:test_TransferZeroAmount() (gas: 18377)
MyTokenTest:test_approve() (gas: 33774)
MyTokenTest:test_transferFrom() (gas: 47335)