AuthTest:testCallFunctionAsOwner() (gas: 29819)
AuthTest:testCallFunctionWithPermissiveAuthority() (gas: 119997)
AuthTest:testCallFunctionWithPermissiveAuthority(address) (runs: 256, μ: 124958, ~: 124996)
AuthTest:testSetAuthorityAsOwner() (gas: 32159)
AuthTest:testSetAuthorityAsOwner(address) (runs: 256, μ: 32172, ~: 32328)
AuthTest:testSetAuthorityAsOwnerWithOutOfOrderAuthority() (gas: 220366)
AuthTest:testSetAuthorityWithPermissiveAuthority() (gas: 121699)
AuthTest:testSetAuthorityWithPermissiveAuthority(address,address) (runs: 256, μ: 126631, ~: 126747)
AuthTest:testTransferOwnershipAsOwner() (gas: 15307)
AuthTest:testTransferOwnershipAsOwner(address) (runs: 256, μ: 15372, ~: 15410)
AuthTest:testTransferOwnershipWithPermissiveAuthority() (gas: 123731)
AuthTest:testTransferOwnershipWithPermissiveAuthority(address,address) (runs: 256, μ: 126784, ~: 126803)
Bytes32AddressLibTest:testFillLast12Bytes() (gas: 222)
Bytes32AddressLibTest:testFromLast20Bytes() (gas: 190)
CREATE3Test:testDeployERC20() (gas: 813526)
CREATE3Test:testDeployERC20(bytes32,string,string,uint8) (runs: 256, μ: 862134, ~: 859641)
CREATE3Test:testPredictDeployERC20() (gas: 2006784)
DSTestPlusTest:testBound() (gas: 14250)
DSTestPlusTest:testBound(uint256,uint256,uint256) (runs: 256, μ: 2751, ~: 2751)
DSTestPlusTest:testBrutalizeMemory() (gas: 795)
DSTestPlusTest:testRelApproxEqBothZeroesPasses() (gas: 373)
ERC20Invariants:invariantBalanceSum() (runs: 256, calls: 128000, reverts: 78294)
ERC20Test:invariantMetadata() (runs: 256, calls: 128000, reverts: 85707)
ERC20Test:testApprove() (gas: 31091)
ERC20Test:testApprove(address,uint256) (runs: 256, μ: 31189, ~: 31267)
ERC20Test:testBurn() (gas: 57005)
ERC20Test:testBurn(address,uint256,uint256) (runs: 256, μ: 59041, ~: 59610)
ERC20Test:testInfiniteApproveTransferFrom() (gas: 89725)
ERC20Test:testMetadata(string,string,uint8) (runs: 256, μ: 823492, ~: 820765)
ERC20Test:testMint() (gas: 53757)
ERC20Test:testMint(address,uint256) (runs: 256, μ: 53734, ~: 53890)
ERC20Test:testPermit() (gas: 63130)
ERC20Test:testPermit(uint248,address,uint256,uint256) (runs: 256, μ: 63215, ~: 63449)
ERC20Test:testTransfer() (gas: 60238)
ERC20Test:testTransfer(address,uint256) (runs: 256, μ: 60247, ~: 60403)
ERC20Test:testTransferFrom() (gas: 83746)
ERC20Test:testTransferFrom(address,uint256,uint256) (runs: 256, μ: 91275, ~: 92791)
ERC4626Test:invariantMetadata() (runs: 256, calls: 128000, reverts: 100359)
ERC4626Test:testMetadata(string,string) (runs: 256, μ: 1443339, ~: 1446772)
ERC4626Test:testMintZero() (gas: 54573)
ERC4626Test:testMultipleMintDepositRedeemWithdraw() (gas: 411390)
ERC4626Test:testSingleDepositWithdraw(uint128) (runs: 256, μ: 201453, ~: 201458)
ERC4626Test:testSingleMintRedeem(uint128) (runs: 256, μ: 201397, ~: 201402)
ERC4626Test:testVaultInteractionsForSomeoneElse() (gas: 286183)
ERC4626Test:testWithdrawZero() (gas: 52406)
ERC6909Test:testApprove() (gas: 31584)
ERC6909Test:testApprove(address,uint256,uint256) (runs: 256, μ: 31725, ~: 31803)
ERC6909Test:testBurn() (gas: 35402)
ERC6909Test:testBurn(address,uint256,uint256) (runs: 256, μ: 24081, ~: 24105)
ERC6909Test:testMint() (gas: 31591)
ERC6909Test:testMint(address,uint256,uint256) (runs: 256, μ: 31699, ~: 31777)
ERC6909Test:testSetOperator() (gas: 31027)
ERC6909Test:testSetOperator(address,bool) (runs: 256, μ: 21828, ~: 31375)
ERC6909Test:testTransfer() (gas: 61841)
ERC6909Test:testTransfer(address,address,uint256,uint256,uint256) (runs: 256, μ: 63809, ~: 64548)
ERC6909Test:testTransferFromAsOperator() (gas: 87376)
ERC6909Test:testTransferFromAsOperator(address,address,uint256,uint256,uint256) (runs: 256, μ: 89278, ~: 90057)
ERC6909Test:testTransferFromWithApproval() (gas: 91917)
ERC6909Test:testTransferFromWithApproval(address,address,uint256,uint256,uint256) (runs: 256, μ: 93840, ~: 94675)
ERC6909Test:testTransferFromWithInfiniteApproval() (gas: 91495)
ERC6909Test:testTransferFromWithInfiniteApproval(address,address,uint256,uint256,uint256) (runs: 256, μ: 93424, ~: 94203)
FixedPointMathLibTest:testDifferentiallyFuzzSqrt(uint256) (runs: 256, μ: 13656, ~: 8259)
FixedPointMathLibTest:testDivWadDown() (gas: 847)
FixedPointMathLibTest:testDivWadDown(uint256,uint256) (runs: 256, μ: 672, ~: 746)
FixedPointMathLibTest:testDivWadDownEdgeCases() (gas: 415)
FixedPointMathLibTest:testDivWadUp() (gas: 882)
FixedPointMathLibTest:testDivWadUp(uint256,uint256) (runs: 256, μ: 850, ~: 965)
FixedPointMathLibTest:testDivWadUpEdgeCases() (gas: 461)
FixedPointMathLibTest:testMulDivDown() (gas: 1758)
FixedPointMathLibTest:testMulDivDown(uint256,uint256,uint256) (runs: 256, μ: 688, ~: 782)
FixedPointMathLibTest:testMulDivDownEdgeCases() (gas: 653)
FixedPointMathLibTest:testMulDivUp() (gas: 2017)
FixedPointMathLibTest:testMulDivUp(uint256,uint256,uint256) (runs: 256, μ: 861, ~: 1045)
FixedPointMathLibTest:testMulDivUpEdgeCases() (gas: 752)
FixedPointMathLibTest:testMulWadDown() (gas: 804)
FixedPointMathLibTest:testMulWadDown(uint256,uint256) (runs: 256, μ: 684, ~: 803)
FixedPointMathLibTest:testMulWadDownEdgeCases() (gas: 819)
FixedPointMathLibTest:testMulWadUp() (gas: 947)
FixedPointMathLibTest:testMulWadUp(uint256,uint256) (runs: 256, μ: 802, ~: 1024)
FixedPointMathLibTest:testMulWadUpEdgeCases() (gas: 918)
FixedPointMathLibTest:testRPow() (gas: 2180)
FixedPointMathLibTest:testSqrt() (gas: 2555)
FixedPointMathLibTest:testSqrt(uint256) (runs: 256, μ: 1041, ~: 1042)
FixedPointMathLibTest:testSqrtBack(uint256) (runs: 256, μ: 10785, ~: 338)
FixedPointMathLibTest:testSqrtBackHashed(uint256) (runs: 256, μ: 59051, ~: 59496)
FixedPointMathLibTest:testSqrtBackHashedSingle() (gas: 58912)
LibStringTest:testDifferentiallyFuzzToString(uint256,bytes) (runs: 256, μ: 22376, ~: 19119)
LibStringTest:testDifferentiallyFuzzToStringInt(int256,bytes) (runs: 256, μ: 22875, ~: 17136)
LibStringTest:testToString() (gas: 8478)
LibStringTest:testToStringDirty() (gas: 8140)
LibStringTest:testToStringIntNegative() (gas: 8259)
LibStringTest:testToStringIntPositive() (gas: 8883)
LibStringTest:testToStringOverwrite() (gas: 503)
MerkleProofLibTest:testValidProofSupplied() (gas: 2120)
MerkleProofLibTest:testVerifyEmptyMerkleProofSuppliedLeafAndRootDifferent() (gas: 1423)
MerkleProofLibTest:testVerifyEmptyMerkleProofSuppliedLeafAndRootSame() (gas: 1418)
MerkleProofLibTest:testVerifyInvalidProofSupplied() (gas: 2138)
MultiRolesAuthorityTest:testCanCallPublicCapability() (gas: 34170)
MultiRolesAuthorityTest:testCanCallPublicCapability(address,address,bytes4) (runs: 256, μ: 34359, ~: 34327)
MultiRolesAuthorityTest:testCanCallWithAuthorizedRole() (gas: 80332)
MultiRolesAuthorityTest:testCanCallWithAuthorizedRole(address,uint8,address,bytes4) (runs: 256, μ: 80620, ~: 80587)
MultiRolesAuthorityTest:testCanCallWithCustomAuthority() (gas: 405598)
MultiRolesAuthorityTest:testCanCallWithCustomAuthority(address,address,bytes4) (runs: 256, μ: 406014, ~: 406014)
MultiRolesAuthorityTest:testCanCallWithCustomAuthorityOverridesPublicCapability() (gas: 238900)
MultiRolesAuthorityTest:testCanCallWithCustomAuthorityOverridesPublicCapability(address,address,bytes4) (runs: 256, μ: 239350, ~: 239350)
MultiRolesAuthorityTest:testCanCallWithCustomAuthorityOverridesUserWithRole() (gas: 249704)
MultiRolesAuthorityTest:testCanCallWithCustomAuthorityOverridesUserWithRole(address,uint8,address,bytes4) (runs: 256, μ: 250042, ~: 250009)
MultiRolesAuthorityTest:testSetPublicCapabilities() (gas: 27701)
MultiRolesAuthorityTest:testSetPublicCapabilities(bytes4) (runs: 256, μ: 27812, ~: 27808)
MultiRolesAuthorityTest:testSetRoleCapabilities() (gas: 28900)
MultiRolesAuthorityTest:testSetRoleCapabilities(uint8,bytes4) (runs: 256, μ: 29044, ~: 29043)
MultiRolesAuthorityTest:testSetRoles() (gas: 28885)
MultiRolesAuthorityTest:testSetRoles(address,uint8) (runs: 256, μ: 29001, ~: 28985)
MultiRolesAuthorityTest:testSetTargetCustomAuthority() (gas: 28075)
MultiRolesAuthorityTest:testSetTargetCustomAuthority(address,address) (runs: 256, μ: 28088, ~: 28115)
OwnedTest:testCallFunctionAsNonOwner() (gas: 11327)
OwnedTest:testCallFunctionAsNonOwner(address) (runs: 256, μ: 16254, ~: 16273)
OwnedTest:testCallFunctionAsOwner() (gas: 10428)
OwnedTest:testTransferOwnership() (gas: 13112)
OwnedTest:testTransferOwnership(address) (runs: 256, μ: 13161, ~: 13180)
ReentrancyGuardTest:invariantReentrancyStatusAlways1() (runs: 256, calls: 128000, reverts: 253)
ReentrancyGuardTest:testNoReentrancy() (gas: 7508)
ReentrancyGuardTest:testProtectedCall() (gas: 33452)
RolesAuthorityTest:testCanCallPublicCapability() (gas: 33376)
RolesAuthorityTest:testCanCallPublicCapability(address,address,bytes4) (runs: 256, μ: 33530, ~: 33498)
RolesAuthorityTest:testCanCallWithAuthorizedRole() (gas: 79914)
RolesAuthorityTest:testCanCallWithAuthorizedRole(address,uint8,address,bytes4) (runs: 256, μ: 80189, ~: 80156)
RolesAuthorityTest:testSetPublicCapabilities() (gas: 29065)
RolesAuthorityTest:testSetPublicCapabilities(address,bytes4) (runs: 256, μ: 29178, ~: 29160)
RolesAuthorityTest:testSetRoleCapabilities() (gas: 30239)
RolesAuthorityTest:testSetRoleCapabilities(uint8,address,bytes4) (runs: 256, μ: 30468, ~: 30453)
RolesAuthorityTest:testSetRoles() (gas: 28972)
RolesAuthorityTest:testSetRoles(address,uint8) (runs: 256, μ: 29093, ~: 29077)
SafeTransferLibTest:testApproveWithGarbage(address,uint256,bytes,bytes) (runs: 256, μ: 3135, ~: 2105)
SafeTransferLibTest:testApproveWithMissingReturn() (gas: 30874)
SafeTransferLibTest:testApproveWithMissingReturn(address,uint256,bytes) (runs: 256, μ: 31433, ~: 31660)
SafeTransferLibTest:testApproveWithReturnsTooMuch() (gas: 31094)
SafeTransferLibTest:testApproveWithReturnsTooMuch(address,uint256,bytes) (runs: 256, μ: 31717, ~: 31944)
SafeTransferLibTest:testApproveWithStandardERC20() (gas: 30868)
SafeTransferLibTest:testApproveWithStandardERC20(address,uint256,bytes) (runs: 256, μ: 31512, ~: 31739)
SafeTransferLibTest:testTransferETH() (gas: 34563)
SafeTransferLibTest:testTransferETH(address,uint256,bytes) (runs: 256, μ: 37149, ~: 37945)
SafeTransferLibTest:testTransferFromWithGarbage(address,address,uint256,bytes,bytes) (runs: 256, μ: 2793, ~: 2215)
SafeTransferLibTest:testTransferFromWithMissingReturn() (gas: 49263)
SafeTransferLibTest:testTransferFromWithMissingReturn(address,address,uint256,bytes) (runs: 256, μ: 49490, ~: 49698)
SafeTransferLibTest:testTransferFromWithReturnsTooMuch() (gas: 49791)
SafeTransferLibTest:testTransferFromWithReturnsTooMuch(address,address,uint256,bytes) (runs: 256, μ: 50071, ~: 50277)
SafeTransferLibTest:testTransferFromWithStandardERC20() (gas: 47623)
SafeTransferLibTest:testTransferFromWithStandardERC20(address,address,uint256,bytes) (runs: 256, μ: 47865, ~: 48076)
SafeTransferLibTest:testTransferWithGarbage(address,uint256,bytes,bytes) (runs: 256, μ: 3227, ~: 2105)
SafeTransferLibTest:testTransferWithMissingReturn() (gas: 36798)
SafeTransferLibTest:testTransferWithMissingReturn(address,uint256,bytes) (runs: 256, μ: 37356, ~: 37672)
SafeTransferLibTest:testTransferWithReturnsTooMuch() (gas: 37082)
SafeTransferLibTest:testTransferWithReturnsTooMuch(address,uint256,bytes) (runs: 256, μ: 37640, ~: 37956)
SafeTransferLibTest:testTransferWithStandardERC20() (gas: 36736)
SafeTransferLibTest:testTransferWithStandardERC20(address,uint256,bytes) (runs: 256, μ: 37272, ~: 37588)
SignedWadMathTest:testWadDiv(uint256,uint256,bool,bool) (runs: 256, μ: 5501, ~: 5504)
SignedWadMathTest:testWadMul(uint256,uint256,bool,bool) (runs: 256, μ: 5548, ~: 5551)
WETHInvariants:invariantTotalSupplyEqualsBalance() (runs: 256, calls: 128000, reverts: 59014)
WETHTest:testDeposit() (gas: 63520)
WETHTest:testDeposit(uint256) (runs: 256, μ: 64598, ~: 65870)
WETHTest:testFallbackDeposit() (gas: 63232)
WETHTest:testFallbackDeposit(uint256) (runs: 256, μ: 64320, ~: 65592)
WETHTest:testPartialWithdraw() (gas: 73276)
WETHTest:testWithdraw() (gas: 54350)
WETHTest:testWithdraw(uint256,uint256) (runs: 256, μ: 77079, ~: 78097)